a=[007] [-007] [00042]
b=[] [5] [0]
c=[     007] [007     ] [     007]
d=[ ] [   ]
e=[00ff] [00FF] [0010] []
f=[abc] [abc] []
g=[     abc] [abc     ]
h=[    42] [42    ] [42    ]
i=[-00042] [    ab]
j=[0042] [42] [ab]
k=[1.50] [2]
l=[   -0042] [     abc]
m=[-0000042]
n=[  B] [C  ] [   D]
o=[     1.50] [abc  ]
p=[     42] [005]
q=[  1]
calls=1
